   Compiling ring v0.17.16000 (<BUILD_ROOT>/ring)
    Finished `release` profile [optimized] target(s) in 10.93s
     Running unittests src/lib.rs (target/release/deps/ring-9ef32f25f78ca143)

running 1 test
test ec::suite_b::ops::p256::chain284_validation::p256_chain284_paired_microbenchmark ... kind,round,order,iterations,baseline_ns,candidate_ns
scalar_inverse,0,BC,16384,92981444,90418930
scalar_inverse,1,CB,16384,97040082,92551385
scalar_inverse,2,BC,16384,95218016,93550451
scalar_inverse,3,CB,16384,92196400,92143220
scalar_inverse,4,BC,16384,94676308,96637611
scalar_inverse,5,CB,16384,95004753,96507032
scalar_inverse,6,BC,16384,95153207,92621747
scalar_inverse,7,CB,16384,99739422,92709343
scalar_inverse,8,BC,16384,95325642,92123801
scalar_inverse,9,CB,16384,92718367,91544787
scalar_inverse,10,BC,16384,95307615,99335958
scalar_inverse,11,CB,16384,96253497,96429997
scalar_inverse,12,BC,16384,92651586,90396827
scalar_inverse,13,CB,16384,105094265,91454361
scalar_inverse,14,BC,16384,96839020,91853763
scalar_inverse,15,CB,16384,92301408,94350237
scalar_inverse,16,BC,16384,95106858,89986499
scalar_inverse,17,CB,16384,99144445,90155063
scalar_inverse,18,BC,16384,97797645,101306954
scalar_inverse,19,CB,16384,96245284,96056159
scalar_inverse,20,BC,16384,97359844,95671338
scalar_inverse,21,CB,16384,94723018,96852500
scalar_inverse,22,BC,16384,95364975,93543981
scalar_inverse,23,CB,16384,92772186,96100133
scalar_inverse,24,BC,16384,92736603,91065003
scalar_inverse,25,CB,16384,92446145,91092464
scalar_inverse,26,BC,16384,92177455,91555397
scalar_inverse,27,CB,16384,92403171,91917559
scalar_inverse,28,BC,16384,93643650,100888773
scalar_inverse,29,CB,16384,92881572,91482122
scalar_inverse,30,BC,16384,100674601,95021007
scalar_inverse,31,CB,16384,95392206,94628926
scalar_inverse,32,BC,16384,96620104,91657819
scalar_inverse,33,CB,16384,93417462,95541513
scalar_inverse,34,BC,16384,96496749,96306838
scalar_inverse,35,CB,16384,101981623,96405487
scalar_inverse,36,BC,16384,96491196,95531439
scalar_inverse,37,CB,16384,96713847,108209436
scalar_inverse,38,BC,16384,95067128,94318900
scalar_inverse,39,CB,16384,95378938,94952545
scalar_inverse,40,BC,16384,96329451,94481796
ok

test result: ok. 1 passed; 0 failed; 0 ignored; 0 measured; 95 filtered out; finished in 8.57s

